// Jest Snapshot v1, https://goo.gl/fbAQLP

exports[`MapContainer @renders should match a snapshot 1`] = `
<MapComponent
  data={Array []}
  handleClick={[Function]}
/>
`;
