// Jest Snapshot v1, https://goo.gl/fbAQLP

exports[`DescriptionBox @renders should render 1`] = `
<styled.div>
  here is a description
</styled.div>
`;
