// Jest Snapshot v1, https://goo.gl/fbAQLP

exports[`AddMarkerContainer @renders with default conditions should render 1`] = `
<LoginForm
  handleSubmit={[Function]}
/>
`;
