// Jest Snapshot v1, https://goo.gl/fbAQLP

exports[`CloseButton @renders should render 1`] = `
<button
  onClick={[Function]}
>
  Ã—
</button>
`;
