// Jest Snapshot v1, https://goo.gl/fbAQLP

exports[`Marker @renders should render 1`] = `
<styled.div
  index={0}
  lat={0}
  lng={0}
  onClick={[Function]}
/>
`;
