// Jest Snapshot v1, https://goo.gl/fbAQLP

exports[`AddMarkerForm @renders should render 1`] = `
<div>
  Add marker form
</div>
`;
