// Jest Snapshot v1, https://goo.gl/fbAQLP

exports[`App @renders should match a snapshot 1`] = `<MapContainer />`;
