// Jest Snapshot v1, https://goo.gl/fbAQLP

exports[`App @renders with default conditions should render 1`] = `
<MapContainer
  toggleAdminPanel={[Function]}
/>
`;
